Microchip MPLAB XC8 Compiler V2.46

Linker command line:

--edf=C:\Program Files\Microchip\xc8\v2.46\pic\dat\20240104201356_en.msgs \
  -pivt0x8=08h -cn -h+dist/default/production\EMU8088RAM.X.production.sym \
  --cmf=dist/default/production\EMU8088RAM.X.production.cmf -z -Q18F57Q43 \
  -oC:\Users\akihito\AppData\Local\Temp\xcAs3jk.\driver_tmp_3.o \
  --defsym=__MPLAB_BUILD=1 --fixupoverflow=error \
  -Mdist/default/production/EMU8088RAM.X.production.map \
  --md=C:\Users\akihito\AppData\Local\Temp\xcAs3jk.\driver_tmp_0.dat -E1 \
  -ver=XC8 Compiler --acfsm=1493 -ACODE=00h-01FFFFh -ACONST=00h-01FFFFh \
  -ASMALLCONST=02500h-025FFhx475 \
  -AMEDIUMCONST=02500h-0FFFFh,012500h-01FFFFh -ACOMRAM=0501h-055Fh \
  -AABS1=0500h-024FFh -ABIGRAM=0501h-024FFh \
  -ARAM=0560h-05FFh,0600h-06FFhx31 -ABANK5=0560h-05FFh -ABANK6=0600h-06FFh \
  -ABANK7=0700h-07FFh -ABANK8=0800h-08FFh -ABANK9=0900h-09FFh \
  -ABANK10=0A00h-0AFFh -ABANK11=0B00h-0BFFh -ABANK12=0C00h-0CFFh \
  -ABANK13=0D00h-0DFFh -ABANK14=0E00h-0EFFh -ABANK15=0F00h-0FFFh \
  -ABANK16=01000h-010FFh -ABANK17=01100h-011FFh -ABANK18=01200h-012FFh \
  -ABANK19=01300h-013FFh -ABANK20=01400h-014FFh -ABANK21=01500h-015FFh \
  -ABANK22=01600h-016FFh -ABANK23=01700h-017FFh -ABANK24=01800h-018FFh \
  -ABANK25=01900h-019FFh -ABANK26=01A00h-01AFFh -ABANK27=01B00h-01BFFh \
  -ABANK28=01C00h-01CFFh -ABANK29=01D00h-01DFFh -ABANK30=01E00h-01EFFh \
  -ABANK31=01F00h-01FFFh -ABANK32=02000h-020FFh -ABANK33=02100h-021FFh \
  -ABANK34=02200h-022FFh -ABANK35=02300h-023FFh -ABANK36=02400h-024FFh \
  -ASFR=00h-0FFhx4,0400h-045Fh,0460h-04FFh,02500h-025FFh \
  -ABIGSFR=00h-04FFh,02500h-025FFh -ACONFIG=0300000h-0300011h \
  -AIDLOC=0200000h-020003Fh -AEEDATA=0380000h-03803FFh -peeprom_data=EEDATA \
  -preset_vec=00h -ppowerup=CODE,init -pramtop=02500h \
  -psmallconst=SMALLCONST -pmediumconst=MEDIUMCONST -pconst=CONST \
  -AFARRAM=00h-00h \
  -prdata=COMRAM,nvrram=COMRAM,nvbit=COMRAM,rbss=COMRAM,rbit=COMRAM \
  -pfarbss=FARRAM,fardata=FARRAM,nvFARRAM=FARRAM \
  -pintsave_regs=BIGRAM,bigbss=BIGRAM,bigdata=BIGRAM -pbss=RAM \
  -pidata=CODE,irdata=CODE,ibigdata=CODE,ifardata=CODE -prparam=COMRAM \
  C:\Users\akihito\AppData\Local\Temp\xcAs3jk.\driver_tmp_14.o \
  dist/default/production\EMU8088RAM.X.production.o 

Object code version is 3.11

Machine type is 18F57Q43



                Name                               Link     Load   Length Selector   Space Scale
C:\Users\akihito\AppData\Local\Temp\xcAs3jk.\driver_tmp_14.o
                config                           300000   300000        A        0       4
                init                                102      102        4        4       0
                reset_vec                             0        0        4        0       0
dist/default/production\EMU8088RAM.X.production.o
                config                           300000   300000        A        0       4
                mediumconst                        C10E     C10E     3EF2     6087       0
                ivt0x8                                8        8       FA        4       0
                text142                           1CDA0    1CDA0       5E     8000       0
                text141                           1D73C    1D73C        2     8000       0
                text140                           1965A    1965A      1B4     8000       0
                text139                           1D64A    1D64A       1E     8000       0
                text138                           1D72C    1D72C        8     8000       0
                text137                           1CCD8    1CCD8       6A     8000       0
                text136                           1BF70    1BF70       CC     8000       0
                text135                           1C294    1C294       B8     8000       0
                text134                           1D3E4    1D3E4       38     8000       0
                text133                           1C7D6    1C7D6       94     8000       0
                text132                           1CF04    1CF04       54     8000       0
                text131                           1D246    1D246       42     8000       0
                text130                           1CD42    1CD42       5E     8000       0
                text129                           1D6B4    1D6B4       18     8000       0
                text128                           1D5EA    1D5EA       22     8000       0
                text127                           1D4E4    1D4E4       2A     8000       0
                text126                           1C9FC    1C9FC       84     8000       0
                text125                           1D5C8    1D5C8       22     8000       0
                text124                           172FC    172FC      328     8000       0
                text123                           1D5A6    1D5A6       22     8000       0
                text122                           1D1BC    1D1BC       46     8000       0
                text121                           1C34C    1C34C       B6     8000       0
                text120                           1C1D0    1C1D0       C4     8000       0
                text119                           1D6CC    1D6CC       16     8000       0
                text118                           1C106    1C106       CA     8000       0
                text117                           1C03C    1C03C       CA     8000       0
                text116                           1B192    1B192      10C     8000       0
                text115                           1B8A2    1B8A2       EC     8000       0
                text114                           1D450    1D450       34     8000       0
                text113                           1D202    1D202       44     8000       0
                text112                           1C69C    1C69C       9E     8000       0
                text111                           190FA    190FA      1E2     8000       0
                text110                           164BC    164BC      39A     8000       0
                text109                           1C402    1C402       AA     8000       0
                text108                           1B3A4    1B3A4      104     8000       0
                text107                           15CA6    15CA6      42A     8000       0
                text106                           1D3AC    1D3AC       38     8000       0
                text105                           14622    14622      4C0     8000       0
                text104                           1D176    1D176       46     8000       0
                text103                           1B29E    1B29E      106     8000       0
                text102                           1B6AA    1B6AA       FE     8000       0
                text101                           188FA    188FA      212     8000       0
                text100                           1CEAE    1CEAE       56     8000       0
                text99                            1D04C    1D04C       50     8000       0
                text98                            1D2C8    1D2C8       3C     8000       0
                text97                            10AC4    10AC4      A66     8000       0
                text96                            1D55E    1D55E       26     8000       0
                text95                            1BDD6    1BDD6       CE     8000       0
                text94                            199B2    199B2      1A0     8000       0
                text93                            1A00A    1A00A      18A     8000       0
                text92                            12D40    12D40      726     8000       0
                text91                            1CE58    1CE58       56     8000       0
                text90                            1D536    1D536       28     8000       0
                text89                            1A618    1A618      174     8000       0
                text88                            16F76    16F76      386     8000       0
                text87                            19CF0    19CF0      18E     8000       0
                text86                            1544A    1544A      432     8000       0
                text85                            19E7E    19E7E      18C     8000       0
                text84                            192DC    192DC      1C8     8000       0
                text83                            1BEA4    1BEA4       CC     8000       0
                text82                            160D0    160D0      3EC     8000       0
                text81                            1C978    1C978       84     8000       0
                text80                            1B4A8    1B4A8      102     8000       0
                text79                            13466    13466      720     8000       0
                text78                            1D374    1D374       38     8000       0
                text77                            1C5F8    1C5F8       A4     8000       0
                text76                            1CC6C    1CC6C       6C     8000       0
                text75                            1D50E    1D50E       28     8000       0
                text74                            14136    14136      4EC     8000       0
                text73                            13B86    13B86      5B0     8000       0
                text72                            11DB2    11DB2      80E     8000       0
                text71                            1B5AA    1B5AA      100     8000       0
                text70                            1A78C    1A78C      164     8000       0
                text69                            1C8F4    1C8F4       84     8000       0
                text68                            1ACF2    1ACF2      13A     8000       0
                text67                            1A318    1A318      182     8000       0
                text66                            1CBF4    1CBF4       78     8000       0
                text65                            1D0E8    1D0E8       48     8000       0
                text64                            1D738    1D738        4     8000       0
                text63                            1AF64    1AF64      118     8000       0
                text62                            1B07C    1B07C      116     8000       0
                text61                            1D706    1D706       12     8000       0
                text60                            1D09C    1D09C       4C     8000       0
                text59                            1C552    1C552       A6     8000       0
                text58                            1D33C    1D33C       38     8000       0
                text57                            182AA    182AA      21E     8000       0
                text56                            18088    18088      222     8000       0
                text55                            1152A    1152A      888     8000       0
                text54                            194A4    194A4      1B6     8000       0
                text53                            18B0C    18B0C      202     8000       0
                text52                            1D69C    1D69C       18     8000       0
                text51                            1D734    1D734        4     8000       0
                text50                            1D6F4    1D6F4       12     8000       0
                text49                            1D718    1D718        C     8000       0
                text48                            1D6E2    1D6E2       12     8000       0
                text47                            1D130    1D130       46     8000       0
                text46                            17910    17910      2D4     8000       0
                text45                            1BD08    1BD08       CE     8000       0
                text44                            17624    17624      2EC     8000       0
                text43                            18F06    18F06      1F4     8000       0
                text42                            19B52    19B52      19E     8000       0
                text41                            10000    10000      AC4     8000       0
                text40                            1B7A8    1B7A8       FA     8000       0
                text39                            1CFAA    1CFAA       52     8000       0
                text38                            1D41C    1D41C       34     8000       0
                text37                            17BE4    17BE4      272     8000       0
                text36                            1D304    1D304       38     8000       0
                text35                            1A8F0    1A8F0      160     8000       0
                text34                            1587C    1587C      42A     8000       0
                text33                            16BEC    16BEC      38A     8000       0
                text32                            1ABA4    1ABA4      14E     8000       0
                text31                            1BA74    1BA74       E2     8000       0
                text30                            1C73A    1C73A       9C     8000       0
                text29                            1BB56    1BB56       E0     8000       0
                text28                            1CDFE    1CDFE       5A     8000       0
                text27                            16856    16856      396     8000       0
                text26                            1A194    1A194      184     8000       0
                text25                            1CA80    1CA80       80     8000       0
                text24                            184C8    184C8      21C     8000       0
                text23                            17E56    17E56      232     8000       0
                text22                            125C0    125C0      780     8000       0
                text21                            1A49A    1A49A      17E     8000       0
                text20                            1980E    1980E      1A4     8000       0
                text19                            18D0E    18D0E      1F8     8000       0
                text18                            1B98E    1B98E       E6     8000       0
                text17                            1CFFC    1CFFC       50     8000       0
                text16                            1CB7C    1CB7C       78     8000       0
                text15                            1BC36    1BC36       D2     8000       0
                text14                            14F9C    14F9C      4AE     8000       0
                text13                            1D684    1D684       18     8000       0
                text12                            1D4B6    1D4B6       2E     8000       0
                text11                            1D62C    1D62C       1E     8000       0
                text10                            1D668    1D668       1C     8000       0
                text9                             1D60C    1D60C       20     8000       0
                text8                             1CB00    1CB00       7C     8000       0
                text7                             1D484    1D484       32     8000       0
                text6                             1AE2C    1AE2C      138     8000       0
                text5                             14AE2    14AE2      4BA     8000       0
                text4                             1C86A    1C86A       8A     8000       0
                text3                             1CF58    1CF58       52     8000       0
                text2                             1AA50    1AA50      154     8000       0
                text1                             1D584    1D584       22     8000       0
                text0                             186E4    186E4      216     8000       0
                cstackCOMRAM                        501      501       59      501       1
                cstackBANK5                         560      560       A0      560       1
                cstackBANK6                         600      600       FF      600       1
                cstackBANK7                         799      799       1C      700       1
                bssBIGRAM                           B00      B00     10FC      B00       1
                bssBANK10                           A00      A00      100      A00       1
                bssBANK9                            900      900       80      900       1
                dataBANK8                           850      850       40      800       1
                bssBANK8                            800      800       50      800       1
                dataBANK7                           7C1      7C1        8      700       1
                bssBANK7                            700      700       99      700       1
                bssCOMRAM                           55A      55A        3      501       1
                cinit                             1C4AC    1C4AC       A6     8000       0
                nvBANK7                             7B5      7B5        C      700       1
                idataBANK8                        1D288    1D288       40     8000       0
                idataBANK7                        1D724    1D724        8     8000       0

TOTAL           Name                               Link     Load   Length     Space
        CLASS   CODE           
                init                                102      102        4         0
                reset_vec                             0        0        4         0
                ivt0x8                                8        8       FA         0
                text142                           1CDA0    1CDA0       5E         0
                text141                           1D73C    1D73C        2         0
                text140                           1965A    1965A      1B4         0
                text139                           1D64A    1D64A       1E         0
                text138                           1D72C    1D72C        8         0
                text137                           1CCD8    1CCD8       6A         0
                text136                           1BF70    1BF70       CC         0
                text135                           1C294    1C294       B8         0
                text134                           1D3E4    1D3E4       38         0
                text133                           1C7D6    1C7D6       94         0
                text132                           1CF04    1CF04       54         0
                text131                           1D246    1D246       42         0
                text130                           1CD42    1CD42       5E         0
                text129                           1D6B4    1D6B4       18         0
                text128                           1D5EA    1D5EA       22         0
                text127                           1D4E4    1D4E4       2A         0
                text126                           1C9FC    1C9FC       84         0
                text125                           1D5C8    1D5C8       22         0
                text124                           172FC    172FC      328         0
                text123                           1D5A6    1D5A6       22         0
                text122                           1D1BC    1D1BC       46         0
                text121                           1C34C    1C34C       B6         0
                text120                           1C1D0    1C1D0       C4         0
                text119                           1D6CC    1D6CC       16         0
                text118                           1C106    1C106       CA         0
                text117                           1C03C    1C03C       CA         0
                text116                           1B192    1B192      10C         0
                text115                           1B8A2    1B8A2       EC         0
                text114                           1D450    1D450       34         0
                text113                           1D202    1D202       44         0
                text112                           1C69C    1C69C       9E         0
                text111                           190FA    190FA      1E2         0
                text110                           164BC    164BC      39A         0
                text109                           1C402    1C402       AA         0
                text108                           1B3A4    1B3A4      104         0
                text107                           15CA6    15CA6      42A         0
                text106                           1D3AC    1D3AC       38         0
                text105                           14622    14622      4C0         0
                text104                           1D176    1D176       46         0
                text103                           1B29E    1B29E      106         0
                text102                           1B6AA    1B6AA       FE         0
                text101                           188FA    188FA      212         0
                text100                           1CEAE    1CEAE       56         0
                text99                            1D04C    1D04C       50         0
                text98                            1D2C8    1D2C8       3C         0
                text97                            10AC4    10AC4      A66         0
                text96                            1D55E    1D55E       26         0
                text95                            1BDD6    1BDD6       CE         0
                text94                            199B2    199B2      1A0         0
                text93                            1A00A    1A00A      18A         0
                text92                            12D40    12D40      726         0
                text91                            1CE58    1CE58       56         0
                text90                            1D536    1D536       28         0
                text89                            1A618    1A618      174         0
                text88                            16F76    16F76      386         0
                text87                            19CF0    19CF0      18E         0
                text86                            1544A    1544A      432         0
                text85                            19E7E    19E7E      18C         0
                text84                            192DC    192DC      1C8         0
                text83                            1BEA4    1BEA4       CC         0
                text82                            160D0    160D0      3EC         0
                text81                            1C978    1C978       84         0
                text80                            1B4A8    1B4A8      102         0
                text79                            13466    13466      720         0
                text78                            1D374    1D374       38         0
                text77                            1C5F8    1C5F8       A4         0
                text76                            1CC6C    1CC6C       6C         0
                text75                            1D50E    1D50E       28         0
                text74                            14136    14136      4EC         0
                text73                            13B86    13B86      5B0         0
                text72                            11DB2    11DB2      80E         0
                text71                            1B5AA    1B5AA      100         0
                text70                            1A78C    1A78C      164         0
                text69                            1C8F4    1C8F4       84         0
                text68                            1ACF2    1ACF2      13A         0
                text67                            1A318    1A318      182         0
                text66                            1CBF4    1CBF4       78         0
                text65                            1D0E8    1D0E8       48         0
                text64                            1D738    1D738        4         0
                text63                            1AF64    1AF64      118         0
                text62                            1B07C    1B07C      116         0
                text61                            1D706    1D706       12         0
                text60                            1D09C    1D09C       4C         0
                text59                            1C552    1C552       A6         0
                text58                            1D33C    1D33C       38         0
                text57                            182AA    182AA      21E         0
                text56                            18088    18088      222         0
                text55                            1152A    1152A      888         0
                text54                            194A4    194A4      1B6         0
                text53                            18B0C    18B0C      202         0
                text52                            1D69C    1D69C       18         0
                text51                            1D734    1D734        4         0
                text50                            1D6F4    1D6F4       12         0
                text49                            1D718    1D718        C         0
                text48                            1D6E2    1D6E2       12         0
                text47                            1D130    1D130       46         0
                text46                            17910    17910      2D4         0
                text45                            1BD08    1BD08       CE         0
                text44                            17624    17624      2EC         0
                text43                            18F06    18F06      1F4         0
                text42                            19B52    19B52      19E         0
                text41                            10000    10000      AC4         0
                text40                            1B7A8    1B7A8       FA         0
                text39                            1CFAA    1CFAA       52         0
                text38                            1D41C    1D41C       34         0
                text37                            17BE4    17BE4      272         0
                text36                            1D304    1D304       38         0
                text35                            1A8F0    1A8F0      160         0
                text34                            1587C    1587C      42A         0
                text33                            16BEC    16BEC      38A         0
                text32                            1ABA4    1ABA4      14E         0
                text31                            1BA74    1BA74       E2         0
                text30                            1C73A    1C73A       9C         0
                text29                            1BB56    1BB56       E0         0
                text28                            1CDFE    1CDFE       5A         0
                text27                            16856    16856      396         0
                text26                            1A194    1A194      184         0
                text25                            1CA80    1CA80       80         0
                text24                            184C8    184C8      21C         0
                text23                            17E56    17E56      232         0
                text22                            125C0    125C0      780         0
                text21                            1A49A    1A49A      17E         0
                text20                            1980E    1980E      1A4         0
                text19                            18D0E    18D0E      1F8         0
                text18                            1B98E    1B98E       E6         0
                text17                            1CFFC    1CFFC       50         0
                text16                            1CB7C    1CB7C       78         0
                text15                            1BC36    1BC36       D2         0
                text14                            14F9C    14F9C      4AE         0
                text13                            1D684    1D684       18         0
                text12                            1D4B6    1D4B6       2E         0
                text11                            1D62C    1D62C       1E         0
                text10                            1D668    1D668       1C         0
                text9                             1D60C    1D60C       20         0
                text8                             1CB00    1CB00       7C         0
                text7                             1D484    1D484       32         0
                text6                             1AE2C    1AE2C      138         0
                text5                             14AE2    14AE2      4BA         0
                text4                             1C86A    1C86A       8A         0
                text3                             1CF58    1CF58       52         0
                text2                             1AA50    1AA50      154         0
                text1                             1D584    1D584       22         0
                text0                             186E4    186E4      216         0
                cinit                             1C4AC    1C4AC       A6         0
                idataBANK8                        1D288    1D288       40         0
                idataBANK7                        1D724    1D724        8         0

        CLASS   CONST          

        CLASS   SMALLCONST     

        CLASS   MEDIUMCONST    
                mediumconst                        C10E     C10E     3EF2         0

        CLASS   COMRAM         
                cstackCOMRAM                        501      501       59         1
                bssCOMRAM                           55A      55A        3         1

        CLASS   ABS1           

        CLASS   BIGRAM         
                bssBIGRAM                           B00      B00     10FC         1

        CLASS   RAM            

        CLASS   BANK5          
                cstackBANK5                         560      560       A0         1

        CLASS   BANK6          
                cstackBANK6                         600      600       FF         1

        CLASS   BANK7          
                cstackBANK7                         799      799       1C         1
                dataBANK7                           7C1      7C1        8         1
                bssBANK7                            700      700       99         1
                nvBANK7                             7B5      7B5        C         1

        CLASS   BANK8          
                dataBANK8                           850      850       40         1
                bssBANK8                            800      800       50         1

        CLASS   BANK9          
                bssBANK9                            900      900       80         1

        CLASS   BANK10         
                bssBANK10                           A00      A00      100         1

        CLASS   BANK11         

        CLASS   BANK12         

        CLASS   BANK13         

        CLASS   BANK14         

        CLASS   BANK15         

        CLASS   BANK16         

        CLASS   BANK17         

        CLASS   BANK18         

        CLASS   BANK19         

        CLASS   BANK20         

        CLASS   BANK21         

        CLASS   BANK22         

        CLASS   BANK23         

        CLASS   BANK24         

        CLASS   BANK25         

        CLASS   BANK26         

        CLASS   BANK27         

        CLASS   BANK28         

        CLASS   BANK29         

        CLASS   BANK30         

        CLASS   BANK31         

        CLASS   BANK32         

        CLASS   BANK33         

        CLASS   BANK34         

        CLASS   BANK35         

        CLASS   BANK36         

        CLASS   SFR            

        CLASS   BIGSFR         

        CLASS   CONFIG         
                config                           300000   300000        A         4

        CLASS   IDLOC          

        CLASS   EEDATA         

        CLASS   FARRAM         

        CLASS   HEAP           

        CLASS   STACK          



SEGMENTS        Name                           Load    Length   Top    Selector   Space  Class

                reset_vec                      000000  000004  000004         0       0  CODE    
                ivt0x8                         000008  0000FE  000106         4       0  CODE    
                cstackCOMRAM                   000501  00005C  00055D       501       1  COMRAM  
                cstackBANK5                    000560  0000A0  000600       560       1  BANK5   
                cstackBANK6                    000600  0000FF  0006FF       600       1  BANK6   
                bssBANK7                       000700  0000C9  0007C9       700       1  BANK7   
                bssBANK8                       000800  000090  000890       800       1  BANK8   
                bssBANK9                       000900  000080  000980       900       1  BANK9   
                bssBANK10                      000A00  000100  000B00       A00       1  BANK10  
                bssBIGRAM                      000B00  0010FC  001BFC       B00       1  BIGRAM  
                mediumconst                    00C10E  003EF2  010000      6087       0  MEDIUMCO
                text41                         010000  00D73E  01D73E      8000       0  CODE    


UNUSED ADDRESS RANGES

        Name                Unused          Largest block    Delta
        BANK27           001BFC-001BFF                4
        BANK28           001C00-001CFF              100
        BANK29           001D00-001DFF              100
        BANK30           001E00-001EFF              100
        BANK31           001F00-001FFF              100
        BANK32           002000-0020FF              100
        BANK33           002100-0021FF              100
        BANK34           002200-0022FF              100
        BANK35           002300-0023FF              100
        BANK36           002400-0024FF              100
        BANK6            0006FF-0006FF                1
        BANK7            0007C9-0007FF               37
        BANK8            000890-0008FF               70
        BANK9            000980-0009FF               80
        BIGRAM           00055D-00055F                3
                         0006FF-0006FF                1
                         0007C9-0007FF               37
                         000890-0008FF               70
                         000980-0009FF               80
                         001BFC-0024FF              904
        BIGSFR           000000-0004FF              500
                         002500-0025FF              100
        CODE             000004-000007                4
                         000106-00C10D             C008
                         01D73E-01FFFF             28C2
        COMRAM           00055D-00055F                3
        CONFIG           30000A-300011                8
        CONST            000004-000007                4
                         000106-00C10D             C008
                         01D73E-01FFFF             28C2
        EEDATA           380000-3803FF              400
        IDLOC            200000-20003F               40
        MEDIUMCONST      002500-00C10D             9C0E
                         01D73E-01FFFF             28C2
        RAM              0006FF-0006FF                1
                         0007C9-0007FF               37
                         000890-0008FF               70
                         000980-0009FF               80
                         001BFC-0024FF              100
        SFR              000000-0004FF              100
                         002500-0025FF              100
        SMALLCONST       002500-00C10D              100
                         01D73E-01FFFF              100

                                  Symbol Table

?_SDCard_init                             cstackBANK5  0005C3
?_SDCard_read512                          cstackBANK5  0005DC
?_SDCard_write512                         cstackBANK5  0005DC
?___SDCard_command_r1                     cstackCOMRAM 00051B
?___SDCard_crc16                          cstackCOMRAM 000504
?___aldiv                                 cstackCOMRAM 000504
?___almod                                 cstackCOMRAM 000504
?___fladd                                 cstackCOMRAM 000504
?___fldiv                                 cstackCOMRAM 00052B
?___flmul                                 cstackCOMRAM 000512
?___flneg                                 cstackCOMRAM 000504
?___flsub                                 cstackCOMRAM 00052B
?___fltol                                 cstackCOMRAM 000504
?___fpclassifyf                           cstackCOMRAM 000504
?___lldiv                                 cstackCOMRAM 000504
?___lmul                                  cstackCOMRAM 000504
?___wmul                                  cstackCOMRAM 000504
?___xxtofl                                cstackCOMRAM 000504
?_abs                                     cstackCOMRAM 00050E
?_check_fs                                cstackBANK6  000624
?_clst2sect                               cstackCOMRAM 000510
?_create_chain                            cstackBANK6  000645
?_dbc_1st                                 cstackCOMRAM 000504
?_dbc_2nd                                 cstackCOMRAM 000504
?_disk_init                               cstackBANK6  0006BB
?_find_volume                             cstackBANK6  000632
?_floorf                                  cstackCOMRAM 000544
?_get_fat                                 cstackBANK6  000624
?_get_fattime                             cstackCOMRAM 000504
?_get_ldnumber                            cstackCOMRAM 000504
?_get_physical_addr                       cstackCOMRAM 000504
?_getch                                   cstackCOMRAM 000504
?_labs                                    cstackCOMRAM 000504
?_ld_clust                                cstackCOMRAM 00050B
?_ld_dword                                cstackCOMRAM 000504
?_ld_word                                 cstackCOMRAM 000504
?_memcmp                                  cstackCOMRAM 000504
?_menu_select                             cstackBANK7  000799
?_printf                                  cstackBANK5  0005AD
?_read_prec_or_width                      cstackCOMRAM 00050A
?_read_sector                             cstackBANK6  000698
?_seek_disk                               cstackBANK6  00068B
?_setup_drive                             cstackCOMRAM 000504
?_sprintf                                 cstackBANK5  0005AD
?_strchr                                  cstackCOMRAM 000504
?_strcmp                                  cstackCOMRAM 000504
?_strncmp                                 cstackCOMRAM 000504
?_vfprintf                                cstackBANK5  0005A5
?_write_sector                            cstackBANK6  000698
IVTBASEH                                  (abs)        00045E
IVTBASEL                                  (abs)        00045D
IVTBASEU                                  (abs)        00045F
SDCard_command@argument                   cstackCOMRAM 00052B
SDCard_command@command                    cstackCOMRAM 000533
SDCard_command@length                     cstackCOMRAM 000531
SDCard_command@response_buffer            cstackCOMRAM 00052F
SDCard_command@responsep                  cstackCOMRAM 000538
SDCard_command@result                     cstackCOMRAM 000536
SDCard_command@spi                        cstackCOMRAM 000534
SDCard_crc@buf                            cstackCOMRAM 000504
SDCard_crc@count                          cstackCOMRAM 000506
SDCard_crc@crc                            cstackCOMRAM 00050C
SDCard_crc@endp                           cstackCOMRAM 000508
SDCard_crc@i                              cstackCOMRAM 00050A
SDCard_crc@p                              cstackCOMRAM 00050D
SDCard_end_transaction@spi                cstackCOMRAM 000515
SDCard_init@buf                           cstackBANK5  0005CE
SDCard_init@clock_speed                   cstackBANK5  0005C5
SDCard_init@i                             cstackBANK5  0005CA
SDCard_init@initial_clock_speed           cstackBANK5  0005C3
SDCard_init@spi                           cstackBANK5  0005CC
SDCard_init@timeout                       cstackBANK5  0005C7
SDCard_read512@addr                       cstackBANK5  0005DC
SDCard_read512@buf                        cstackBANK5  0005E2
SDCard_read512@count                      cstackBANK5  0005E4
SDCard_read512@crc                        cstackBANK5  0005F6
SDCard_read512@i                          cstackBANK5  0005EA
SDCard_read512@i_1309                     cstackBANK5  0005EC
SDCard_read512@offs                       cstackBANK5  0005E0
SDCard_read512@resp_crc                   cstackBANK5  0005F0
SDCard_read512@response                   cstackBANK5  0005F8
SDCard_read512@result                     cstackBANK5  0005F2
SDCard_read512@retry                      cstackBANK5  0005EE
SDCard_read512@spi                        cstackBANK5  0005F4
SDCard_write512@addr                      cstackBANK5  0005DC
SDCard_write512@buf                       cstackBANK5  0005E2
SDCard_write512@count                     cstackBANK5  0005E4
SDCard_write512@crc                       cstackBANK5  0005F2
SDCard_write512@i                         cstackBANK5  0005EA
SDCard_write512@i_1326                    cstackBANK5  0005EC
SDCard_write512@offs                      cstackBANK5  0005E0
SDCard_write512@response                  cstackBANK5  0005F6
SDCard_write512@result                    cstackBANK5  0005F0
SDCard_write512@retry                     cstackBANK5  0005EE
SDCard_write512@spi                       cstackBANK5  0005F4
SPI_SD_begin@ctx                          cstackCOMRAM 000506
SPI_SD_begin@ctx_                         cstackCOMRAM 000504
SPI_SD_begin_transaction@ctx_             cstackCOMRAM 000508
SPI_SD_configure@bit_order                cstackBANK5  0005BF
SPI_SD_configure@clock_speed              cstackBANK5  0005BD
SPI_SD_configure@ctx_                     cstackBANK5  0005BB
SPI_SD_configure@data_mode                cstackBANK5  0005C0
SPI_SD_dummy_clocks@clocks                cstackCOMRAM 000510
SPI_SD_dummy_clocks@ctx_                  cstackCOMRAM 00050E
SPI_SD_dummy_clocks@dummy                 cstackCOMRAM 000514
SPI_SD_dummy_clocks@i                     cstackCOMRAM 000512
SPI_SD_end_transaction@ctx_               cstackCOMRAM 000508
SPI_SD_receive@buf                        cstackCOMRAM 000506
SPI_SD_receive@count                      cstackCOMRAM 000508
SPI_SD_receive@ctx_                       cstackCOMRAM 000504
SPI_SD_receive@i                          cstackCOMRAM 00050D
SPI_SD_receive@i_1226                     cstackCOMRAM 00050F
SPI_SD_receive@p                          cstackCOMRAM 000510
SPI_SD_receive@repeat                     cstackCOMRAM 00050C
SPI_SD_receive_byte@ctx_                  cstackCOMRAM 000512
SPI_SD_receive_byte@dummy                 cstackCOMRAM 000514
SPI_SD_select@ctx_                        cstackCOMRAM 000504
SPI_SD_select@select                      cstackCOMRAM 000506
SPI_SD_send@buf                           cstackCOMRAM 000506
SPI_SD_send@count                         cstackCOMRAM 000508
SPI_SD_send@ctx_                          cstackCOMRAM 000504
SPI_SD_send@i                             cstackCOMRAM 00050A
SPI_SD_send@p                             cstackCOMRAM 00050C
URT3Rx_ISR@rx_data                        cstackCOMRAM 000503
_ANSELA                                   (abs)        000400
_ANSELB                                   (abs)        000408
_ANSELC                                   (abs)        000410
_ANSELD                                   (abs)        000418
_ANSELE0                                  (abs)        002100
_ANSELE1                                  (abs)        002101
_ANSELE2                                  (abs)        002102
_ANSELF                                   (abs)        000428
_CLC3OUT                                  (abs)        0006A2
_CLCIN2PPS                                (abs)        000263
_CLCIN3PPS                                (abs)        000264
_CLCSELECT                                (abs)        0000D5
_CLCnCON                                  (abs)        0000D6
_CLCnGLS0                                 (abs)        0000DC
_CLCnGLS1                                 (abs)        0000DD
_CLCnGLS2                                 (abs)        0000DE
_CLCnGLS3                                 (abs)        0000DF
_CLCnPOL                                  (abs)        0000D7
_CLCnSEL0                                 (abs)        0000D8
_CLCnSEL1                                 (abs)        0000D9
_CLCnSEL2                                 (abs)        0000DA
_CLCnSEL3                                 (abs)        0000DB
_DbcTbl                                   mediumconst  00C10F
_Default_ISR                              text141      01D73C
_FatFs                                    bssBANK7     000737
_Fsid                                     bssBANK7     000735
_G3POL                                    (abs)        0006BA
_GIE                                      (abs)        0026B7
_IVTBASE                                  (abs)        00045D
_IVTLOCK                                  (abs)        000459
_IVTLOCKbits                              (abs)        000459
_LATA0                                    (abs)        0025F0
_LATA1                                    (abs)        0025F1
_LATA2                                    (abs)        0025F2
_LATA3                                    (abs)        0025F3
_LATA5                                    (abs)        0025F5
_LATA6                                    (abs)        0025F6
_LATB0                                    (abs)        0025F8
_LATB1                                    (abs)        0025F9
_LATB2                                    (abs)        0025FA
_LATB5                                    (abs)        0025FD
_LATB6                                    (abs)        0025FE
_LATB7                                    (abs)        0025FF
_LATC                                     (abs)        0004C0
_LATD                                     (abs)        0004C1
_LATE0                                    (abs)        002610
_LATE1                                    (abs)        002611
_LATE2                                    (abs)        002612
_LATF                                     (abs)        0004C3
_OSCFRQ                                   (abs)        0000B1
_PORTC                                    (abs)        0004D0
_PWM3CLK                                  (abs)        00047F
_PWM3CON                                  (abs)        000487
_PWM3GIE                                  (abs)        000486
_PWM3PR                                   (abs)        000481
_PWM3S1CFG                                (abs)        000488
_PWM3S1P1                                 (abs)        000489
_PWM3S1P2                                 (abs)        00048B
_RA5                                      (abs)        002675
_RA6PPS                                   (abs)        000207
_RB1                                      (abs)        002679
_RB1PPS                                   (abs)        00020A
_RB2                                      (abs)        00267A
_RB2PPS                                   (abs)        00020B
_RB6PPS                                   (abs)        00020F
_RB7PPS                                   (abs)        000210
_RC0PPS                                   (abs)        000211
_RC1PPS                                   (abs)        000212
_RE0PPS                                   (abs)        000221
_SDCard_command                           text8        01CB00
_SDCard_crc                               text126      01C9FC
_SDCard_end_transaction                   text127      01D4E4
_SDCard_init                              text5        014AE2
_SDCard_read512                           text88       016F76
_SDCard_write512                          text86       01544A
_SLRCONCbits                              (abs)        000413
_SPI1BAUD                                 (abs)        000089
_SPI1CLK                                  (abs)        00008C
_SPI1CON0                                 (abs)        000084
_SPI1CON0bits                             (abs)        000084
_SPI1CON1                                 (abs)        000085
_SPI1CON1bits                             (abs)        000085
_SPI1CON2bits                             (abs)        000086
_SPI1INTE                                 (abs)        00008B
_SPI1RXB                                  (abs)        000080
_SPI1RXIF                                 (abs)        002588
_SPI1SCKPPS                               (abs)        00026A
_SPI1SDIPPS                               (abs)        00026B
_SPI1TCNTH                                (abs)        000083
_SPI1TCNTL                                (abs)        000082
_SPI1TWIDTH                               (abs)        000088
_SPI1TXB                                  (abs)        000081
_SPI_SD_begin                             text7        01D484
_SPI_SD_begin_transaction                 text125      01D5C8
_SPI_SD_configure                         text6        01AE2C
_SPI_SD_ctx                               dataBANK7    0007C5
_SPI_SD_dummy_clocks                      text130      01CD42
_SPI_SD_end_transaction                   text128      01D5EA
_SPI_SD_receive                           text124      0172FC
_SPI_SD_receive_byte                      text123      01D5A6
_SPI_SD_select                            text129      01D6B4
_SPI_SD_send                              text133      01C7D6
_TRISA0                                   (abs)        002630
_TRISA1                                   (abs)        002631
_TRISA2                                   (abs)        002632
_TRISA3                                   (abs)        002633
_TRISA5                                   (abs)        002635
_TRISA6                                   (abs)        002636
_TRISA7                                   (abs)        002637
_TRISB0                                   (abs)        002638
_TRISB1                                   (abs)        002639
_TRISB2                                   (abs)        00263A
_TRISB3                                   (abs)        00263B
_TRISB5                                   (abs)        00263D
_TRISB6                                   (abs)        00263E
_TRISB7                                   (abs)        00263F
_TRISC                                    (abs)        0004C8
_TRISC0                                   (abs)        002640
_TRISC1                                   (abs)        002641
_TRISC2                                   (abs)        002642
_TRISD                                    (abs)        0004C9
_TRISE0                                   (abs)        002650
_TRISE1                                   (abs)        002651
_TRISE2                                   (abs)        002652
_TRISF                                    (abs)        0004CB
_U3BRG                                    (abs)        0002D4
_U3ON                                     (abs)        001697
_U3RXB                                    (abs)        0002C7
_U3RXEN                                   (abs)        00168C
_U3RXIE                                   (abs)        002538
_U3RXPPS                                  (abs)        000276
_U3TXB                                    (abs)        0002C9
_U3TXEN                                   (abs)        00168D
_U3TXIF                                   (abs)        0025B9
_URT3Rx_ISR                               text142      01CDA0
_WPUA0                                    (abs)        002008
_WPUA1                                    (abs)        002009
_WPUA2                                    (abs)        00200A
_WPUA3                                    (abs)        00200B
_WPUA5                                    (abs)        00200D
_WPUB0                                    (abs)        002048
_WPUB1                                    (abs)        002049
_WPUB2                                    (abs)        00204A
_WPUB3                                    (abs)        00204B
_WPUB6                                    (abs)        00204E
_WPUC                                     (abs)        000411
_WPUD                                     (abs)        000419
_WPUE2                                    (abs)        00210A
_WPUF                                     (abs)        000429
__HRAM                                    (abs)        000000
__H__absolute__                           __absolute__ 000000
__Habs1                                   abs1         000000
__Hbank10                                 bank10       000000
__Hbank11                                 bank11       000000
__Hbank12                                 bank12       000000
__Hbank13                                 bank13       000000
__Hbank14                                 bank14       000000
__Hbank15                                 bank15       000000
__Hbank16                                 bank16       000000
__Hbank17                                 bank17       000000
__Hbank18                                 bank18       000000
__Hbank19                                 bank19       000000
__Hbank20                                 bank20       000000
__Hbank21                                 bank21       000000
__Hbank22                                 bank22       000000
__Hbank23                                 bank23       000000
__Hbank24                                 bank24       000000
__Hbank25                                 bank25       000000
__Hbank26                                 bank26       000000
__Hbank27                                 bank27       000000
__Hbank28                                 bank28       000000
__Hbank29                                 bank29       000000
__Hbank30                                 bank30       000000
__Hbank31                                 bank31       000000
__Hbank32                                 bank32       000000
__Hbank33                                 bank33       000000
__Hbank34                                 bank34       000000
__Hbank35                                 bank35       000000
__Hbank36                                 bank36       000000
__Hbank5                                  bank5        000000
__Hbank6                                  bank6        000000
__Hbank7                                  bank7        000000
__Hbank8                                  bank8        000000
__Hbank9                                  bank9        000000
__Hbigbss                                 bigbss       000000
__Hbigdata                                bigdata      000000
__Hbigram                                 bigram       000000
__Hbigsfr                                 bigsfr       000000
__Hbss                                    bss          000000
__HbssBANK10                              bssBANK10    000000
__HbssBANK7                               bssBANK7     000000
__HbssBANK8                               bssBANK8     000000
__HbssBANK9                               bssBANK9     000000
__HbssBIGRAM                              bssBIGRAM    000000
__HbssCOMRAM                              bssCOMRAM    000000
__Hcinit                                  cinit        000000
__Hclrtext                                clrtext      000000
__Hcomram                                 comram       000000
__Hconfig                                 config       30000A
__Hconst                                  const        000000
__HcstackBANK5                            cstackBANK5  000000
__HcstackBANK6                            cstackBANK6  000000
__HcstackBANK7                            cstackBANK7  000000
__HcstackCOMRAM                           cstackCOMRAM 000000
__Hdata                                   data         000000
__HdataBANK7                              dataBANK7    000000
__HdataBANK8                              dataBANK8    000000
__Heeprom_data                            eeprom_data  000000
__Hfarbss                                 farbss       000000
__Hfardata                                fardata      000000
__Hheap                                   heap         000000
__Hibigdata                               ibigdata     000000
__Hidata                                  idata        000000
__HidataBANK7                             idataBANK7   000000
__HidataBANK8                             idataBANK8   000000
__Hidloc                                  idloc        000000
__Hifardata                               ifardata     000000
__Hinit                                   init         000106
__Hintsave_regs                           intsave_regs 000000
__Hirdata                                 irdata       000000
__Hivt0x8                                 ivt0x8       000102
__Hmediumconst                            mediumconst  010000
__HnvBANK7                                nvBANK7      000000
__HnvFARRAM                               nvFARRAM     000000
__Hnvbit                                  nvbit        000000
__Hnvrram                                 nvrram       000000
__Hparam                                  rparam       000000
__Hpowerup                                powerup      000000
__Hram                                    ram          000000
__Hramtop                                 ramtop       002500
__Hrbit                                   rbit         000000
__Hrbss                                   rbss         000000
__Hrdata                                  rdata        000000
__Hreset_vec                              reset_vec    000004
__Hrparam                                 rparam       000000
__Hsfr                                    sfr          000000
__Hsmallconst                             smallconst   000000
__Hspace_0                                (abs)        01D73E
__Hspace_1                                (abs)        001BFC
__Hspace_2                                (abs)        000000
__Hspace_4                                (abs)        60000A
__Hstack                                  stack        000000
__Hstruct                                 struct       000000
__Htemp                                   temp         000000
__Htext                                   text         000000
__Htext0                                  text0        000000
__Htext1                                  text1        000000
__Htext10                                 text10       000000
__Htext100                                text100      000000
__Htext101                                text101      000000
__Htext102                                text102      000000
__Htext103                                text103      000000
__Htext104                                text104      000000
__Htext105                                text105      000000
__Htext106                                text106      000000
__Htext107                                text107      000000
__Htext108                                text108      000000
__Htext109                                text109      000000
__Htext11                                 text11       000000
__Htext110                                text110      000000
__Htext111                                text111      000000
__Htext112                                text112      000000
__Htext113                                text113      000000
__Htext114                                text114      000000
__Htext115                                text115      000000
__Htext116                                text116      000000
__Htext117                                text117      000000
__Htext118                                text118      000000
__Htext119                                text119      000000
__Htext12                                 text12       000000
__Htext120                                text120      000000
__Htext121                                text121      000000
__Htext122                                text122      000000
__Htext123                                text123      000000
__Htext124                                text124      000000
__Htext125                                text125      000000
__Htext126                                text126      000000
__Htext127                                text127      000000
__Htext128                                text128      000000
__Htext129                                text129      000000
__Htext13                                 text13       000000
__Htext130                                text130      000000
__Htext131                                text131      000000
__Htext132                                text132      000000
__Htext133                                text133      000000
__Htext134                                text134      000000
__Htext135                                text135      000000
__Htext136                                text136      000000
__Htext137                                text137      000000
__Htext138                                text138      000000
__Htext139                                text139      000000
__Htext14                                 text14       000000
__Htext140                                text140      000000
__Htext141                                text141      000000
__Htext142                                text142      000000
__Htext15                                 text15       000000
__Htext16                                 text16       000000
__Htext17                                 text17       000000
__Htext18                                 text18       000000
__Htext19                                 text19       000000
__Htext2                                  text2        000000
__Htext20                                 text20       000000
__Htext21                                 text21       000000
__Htext22                                 text22       000000
__Htext23                                 text23       000000
__Htext24                                 text24       000000
__Htext25                                 text25       000000
__Htext26                                 text26       000000
__Htext27                                 text27       000000
__Htext28                                 text28       000000
__Htext29                                 text29       000000
__Htext3                                  text3        000000
__Htext30                                 text30       000000
__Htext31                                 text31       000000
__Htext32                                 text32       000000
__Htext33                                 text33       000000
__Htext34                                 text34       000000
__Htext35                                 text35       000000
__Htext36                                 text36       000000
__Htext37                                 text37       000000
__Htext38                                 text38       000000
__Htext39                                 text39       000000
__Htext4                                  text4        000000
__Htext40                                 text40       000000
__Htext41                                 text41       000000
__Htext42                                 text42       000000
__Htext43                                 text43       000000
__Htext44                                 text44       000000
__Htext45                                 text45       000000
__Htext46                                 text46       000000
__Htext47                                 text47       000000
__Htext48                                 text48       000000
__Htext49                                 text49       000000
__Htext5                                  text5        000000
__Htext50                                 text50       000000
__Htext51                                 text51       000000
__Htext52                                 text52       000000
__Htext53                                 text53       000000
__Htext54                                 text54       000000
__Htext55                                 text55       000000
__Htext56                                 text56       000000
__Htext57                                 text57       000000
__Htext58                                 text58       000000
__Htext59                                 text59       000000
__Htext6                                  text6        000000
__Htext60                                 text60       000000
__Htext61                                 text61       000000
__Htext62                                 text62       000000
__Htext63                                 text63       000000
__Htext64                                 text64       000000
__Htext65                                 text65       000000
__Htext66                                 text66       000000
__Htext67                                 text67       000000
__Htext68                                 text68       000000
__Htext69                                 text69       000000
__Htext7                                  text7        000000
__Htext70                                 text70       000000
__Htext71                                 text71       000000
__Htext72                                 text72       000000
__Htext73                                 text73       000000
__Htext74                                 text74       000000
__Htext75                                 text75       000000
__Htext76                                 text76       000000
__Htext77                                 text77       000000
__Htext78                                 text78       000000
__Htext79                                 text79       000000
__Htext8                                  text8        000000
__Htext80                                 text80       000000
__Htext81                                 text81       000000
__Htext82                                 text82       000000
__Htext83                                 text83       000000
__Htext84                                 text84       000000
__Htext85                                 text85       000000
__Htext86                                 text86       000000
__Htext87                                 text87       000000
__Htext88                                 text88       000000
__Htext89                                 text89       000000
__Htext9                                  text9        000000
__Htext90                                 text90       000000
__Htext91                                 text91       000000
__Htext92                                 text92       000000
__Htext93                                 text93       000000
__Htext94                                 text94       000000
__Htext95                                 text95       000000
__Htext96                                 text96       000000
__Htext97                                 text97       000000
__Htext98                                 text98       000000
__Htext99                                 text99       000000
__LRAM                                    (abs)        000001
__L__absolute__                           __absolute__ 000000
__Labs1                                   abs1         000000
__Lbank10                                 bank10       000000
__Lbank11                                 bank11       000000
__Lbank12                                 bank12       000000
__Lbank13                                 bank13       000000
__Lbank14                                 bank14       000000
__Lbank15                                 bank15       000000
__Lbank16                                 bank16       000000
__Lbank17                                 bank17       000000
__Lbank18                                 bank18       000000
__Lbank19                                 bank19       000000
__Lbank20                                 bank20       000000
__Lbank21                                 bank21       000000
__Lbank22                                 bank22       000000
__Lbank23                                 bank23       000000
__Lbank24                                 bank24       000000
__Lbank25                                 bank25       000000
__Lbank26                                 bank26       000000
__Lbank27                                 bank27       000000
__Lbank28                                 bank28       000000
__Lbank29                                 bank29       000000
__Lbank30                                 bank30       000000
__Lbank31                                 bank31       000000
__Lbank32                                 bank32       000000
__Lbank33                                 bank33       000000
__Lbank34                                 bank34       000000
__Lbank35                                 bank35       000000
__Lbank36                                 bank36       000000
__Lbank5                                  bank5        000000
__Lbank6                                  bank6        000000
__Lbank7                                  bank7        000000
__Lbank8                                  bank8        000000
__Lbank9                                  bank9        000000
__Lbigbss                                 bigbss       000000
__Lbigdata                                bigdata      000000
__Lbigram                                 bigram       000000
__Lbigsfr                                 bigsfr       000000
__Lbss                                    bss          000000
__LbssBANK10                              bssBANK10    000000
__LbssBANK7                               bssBANK7     000000
__LbssBANK8                               bssBANK8     000000
__LbssBANK9                               bssBANK9     000000
__LbssBIGRAM                              bssBIGRAM    000000
__LbssCOMRAM                              bssCOMRAM    000000
__Lcinit                                  cinit        000000
__Lclrtext                                clrtext      000000
__Lcomram                                 comram       000000
__Lconfig                                 config       000000
__Lconst                                  const        000000
__LcstackBANK5                            cstackBANK5  000000
__LcstackBANK6                            cstackBANK6  000000
__LcstackBANK7                            cstackBANK7  000000
__LcstackCOMRAM                           cstackCOMRAM 000000
__Ldata                                   data         000000
__LdataBANK7                              dataBANK7    000000
__LdataBANK8                              dataBANK8    000000
__Leeprom_data                            eeprom_data  000000
__Lfarbss                                 farbss       000000
__Lfardata                                fardata      000000
__Lheap                                   heap         000000
__Libigdata                               ibigdata     000000
__Lidata                                  idata        000000
__LidataBANK7                             idataBANK7   000000
__LidataBANK8                             idataBANK8   000000
__Lidloc                                  idloc        000000
__Lifardata                               ifardata     000000
__Linit                                   init         000102
__Lintsave_regs                           intsave_regs 000000
__Lirdata                                 irdata       000000
__Livt0x8                                 ivt0x8       000008
__Lmediumconst                            mediumconst  00C10E
__LnvBANK7                                nvBANK7      000000
__LnvFARRAM                               nvFARRAM     000000
__Lnvbit                                  nvbit        000000
__Lnvrram                                 nvrram       000000
__Lparam                                  rparam       000000
__Lpowerup                                powerup      000000
__Lram                                    ram          000000
__Lramtop                                 ramtop       002500
__Lrbit                                   rbit         000000
__Lrbss                                   rbss         000000
__Lrdata                                  rdata        000000
__Lreset_vec                              reset_vec    000000
__Lrparam                                 rparam       000000
__Lsfr                                    sfr          000000
__Lsmallconst                             smallconst   000000
__Lspace_0                                (abs)        000000
__Lspace_1                                (abs)        000000
__Lspace_2                                (abs)        000000
__Lspace_4                                (abs)        000000
__Lstack                                  stack        000000
__Lstruct                                 struct       000000
__Ltemp                                   temp         000000
__Ltext                                   text         000000
__Ltext0                                  text0        000000
__Ltext1                                  text1        000000
__Ltext10                                 text10       000000
__Ltext100                                text100      000000
__Ltext101                                text101      000000
__Ltext102                                text102      000000
__Ltext103                                text103      000000
__Ltext104                                text104      000000
__Ltext105                                text105      000000
__Ltext106                                text106      000000
__Ltext107                                text107      000000
__Ltext108                                text108      000000
__Ltext109                                text109      000000
__Ltext11                                 text11       000000
__Ltext110                                text110      000000
__Ltext111                                text111      000000
__Ltext112                                text112      000000
__Ltext113                                text113      000000
__Ltext114                                text114      000000
__Ltext115                                text115      000000
__Ltext116                                text116      000000
__Ltext117                                text117      000000
__Ltext118                                text118      000000
__Ltext119                                text119      000000
__Ltext12                                 text12       000000
__Ltext120                                text120      000000
__Ltext121                                text121      000000
__Ltext122                                text122      000000
__Ltext123                                text123      000000
__Ltext124                                text124      000000
__Ltext125                                text125      000000
__Ltext126                                text126      000000
__Ltext127                                text127      000000
__Ltext128                                text128      000000
__Ltext129                                text129      000000
__Ltext13                                 text13       000000
__Ltext130                                text130      000000
__Ltext131                                text131      000000
__Ltext132                                text132      000000
__Ltext133                                text133      000000
__Ltext134                                text134      000000
__Ltext135                                text135      000000
__Ltext136                                text136      000000
__Ltext137                                text137      000000
__Ltext138                                text138      000000
__Ltext139                                text139      000000
__Ltext14                                 text14       000000
__Ltext140                                text140      000000
__Ltext141                                text141      000000
__Ltext142                                text142      000000
__Ltext15                                 text15       000000
__Ltext16                                 text16       000000
__Ltext17                                 text17       000000
__Ltext18                                 text18       000000
__Ltext19                                 text19       000000
__Ltext2                                  text2        000000
__Ltext20                                 text20       000000
__Ltext21                                 text21       000000
__Ltext22                                 text22       000000
__Ltext23                                 text23       000000
__Ltext24                                 text24       000000
__Ltext25                                 text25       000000
__Ltext26                                 text26       000000
__Ltext27                                 text27       000000
__Ltext28                                 text28       000000
__Ltext29                                 text29       000000
__Ltext3                                  text3        000000
__Ltext30                                 text30       000000
[...]
read_sector@filep                         cstackBANK6  0006A1
read_sector@fres                          cstackBANK6  0006A3
read_sector@n                             cstackBANK6  0006A4
read_sram@ab                              cstackCOMRAM 000516
read_sram@addr                            cstackCOMRAM 00050C
read_sram@buf                             cstackCOMRAM 000510
read_sram@i                               cstackCOMRAM 000514
read_sram@len                             cstackCOMRAM 000512
release_bus@ctx                           cstackCOMRAM 000506
release_bus@ctx_                          cstackCOMRAM 000504
remove_chain@clst                         cstackBANK6  000647
remove_chain@fs                           cstackBANK6  00065C
remove_chain@nxt                          cstackBANK6  000657
remove_chain@obj                          cstackBANK6  000645
remove_chain@pclst                        cstackBANK6  00064B
remove_chain@res                          cstackBANK6  00065B
seek_disk@filep                           cstackBANK6  000695
seek_disk@fres                            cstackBANK6  000697
seek_disk@sector                          cstackBANK6  000691
sprintf@ap                                cstackBANK5  0005B5
sprintf@f                                 cstackBANK5  0005B7
sprintf@fmt                               cstackBANK5  0005AF
sprintf@s                                 cstackBANK5  0005AD
st_clust@cl                               cstackCOMRAM 00050C
st_clust@dir                              cstackCOMRAM 00050A
st_clust@fs                               cstackCOMRAM 000508
st_dword@ptr                              cstackCOMRAM 000504
st_dword@val                              cstackCOMRAM 000506
st_word@ptr                               cstackCOMRAM 000504
st_word@val                               cstackCOMRAM 000506
stackhi                                   (abs)        000000
stacklo                                   (abs)        000000
start                                     init         000102
start_initialization                      cinit        01C4AC
stoa@cp                                   cstackCOMRAM 000518
stoa@fp                                   cstackCOMRAM 00050E
stoa@l                                    cstackCOMRAM 00051A
stoa@p                                    cstackCOMRAM 000514
stoa@s                                    cstackCOMRAM 000510
stoa@w                                    cstackCOMRAM 000516
strchr@c                                  cstackCOMRAM 000506
strchr@s                                  cstackCOMRAM 000504
strcmp@l                                  cstackCOMRAM 000504
strcmp@r                                  cstackCOMRAM 000506
strcpy@d                                  cstackCOMRAM 000508
strcpy@dest                               cstackCOMRAM 000504
strcpy@src                                cstackCOMRAM 000506
strncmp@l                                 cstackCOMRAM 000504
strncmp@n                                 cstackCOMRAM 000508
strncmp@r                                 cstackCOMRAM 000506
sync_fs@fs                                cstackBANK6  000619
sync_fs@res                               cstackBANK6  000623
sync_window@fs                            cstackBANK6  000607
sync_window@res                           cstackBANK5  0005FF
unimon_console@buf                        cstackBANK5  0005BB
unimon_console@cnt                        cstackBANK5  0005BD
util_addrdump@addr                        cstackBANK5  0005C1
util_addrdump@addr_offs                   cstackBANK5  0005BD
util_addrdump@buf                         cstackBANK5  0005D8
util_addrdump@chars                       cstackBANK5  0005C7
util_addrdump@header                      cstackBANK5  0005BB
util_addrdump@i                           cstackBANK5  0005DA
util_addrdump@size                        cstackBANK5  0005C3
util_hexdump@addr                         cstackBANK5  0005BD
util_hexdump@buf                          cstackBANK5  0005D4
util_hexdump@chars                        cstackBANK5  0005C3
util_hexdump@header                       cstackBANK5  0005BB
util_hexdump@i                            cstackBANK5  0005D6
util_hexdump@size                         cstackBANK5  0005BF
util_hexdump_sum@addr                     cstackBANK5  0005DA
util_hexdump_sum@header                   cstackBANK5  0005D8
util_hexdump_sum@i                        cstackBANK5  0005E0
util_hexdump_sum@p                        cstackBANK5  0005DE
util_hexdump_sum@size                     cstackBANK5  0005DC
util_hexdump_sum@sum                      cstackBANK5  0005E2
validate@obj                              cstackBANK5  0005BC
validate@res                              cstackBANK5  0005C6
validate@rfs                              cstackBANK5  0005BE
vfpfcnvrt@ap                              cstackBANK5  000597
vfpfcnvrt@c                               cstackBANK5  0005A2
vfpfcnvrt@convarg                         cstackBANK5  00059E
vfpfcnvrt@cp                              cstackBANK5  0005A3
vfpfcnvrt@done                            cstackBANK5  00059D
vfpfcnvrt@fmt                             cstackBANK5  000595
vfpfcnvrt@fp                              cstackBANK5  000593
vfprintf@ap                               cstackBANK5  0005A9
vfprintf@cfmt                             cstackBANK5  0005AB
vfprintf@fmt                              cstackBANK5  0005A7
vfprintf@fp                               cstackBANK5  0005A5
write_sector@addr                         cstackBANK6  00069D
write_sector@filep                        cstackBANK6  0006A1
write_sector@fres                         cstackBANK6  0006A3
write_sector@n                            cstackBANK6  0006A4
write_sram@ab                             cstackCOMRAM 000510
write_sram@addr                           cstackCOMRAM 000504
write_sram@buf                            cstackCOMRAM 000508
write_sram@i                              cstackCOMRAM 00050E
write_sram@len                            cstackCOMRAM 00050A
xtoa@a                                    cstackCOMRAM 000529
xtoa@c                                    cstackCOMRAM 000530
xtoa@d                                    cstackCOMRAM 000520
xtoa@fp                                   cstackCOMRAM 00051E
xtoa@i                                    cstackCOMRAM 000531
xtoa@p                                    cstackCOMRAM 00052C
xtoa@w                                    cstackCOMRAM 00052E
xtoa@x                                    cstackCOMRAM 000524


MODULE INFORMATION

Module		Function		Class		Link	Load	Size
C:\Program Files\Microchip\xc8\v2.46\pic\sources\c99\common\fltol.c
		___fltol       		CODE           	1B29E	0000	262

C:\Program Files\Microchip\xc8\v2.46\pic\sources\c99\common\fltol.c estimated size: 262

C:\Program Files\Microchip\xc8\v2.46\pic\sources\c99\common\printf.c
		_printf        		CODE           	1D536	0000	40

C:\Program Files\Microchip\xc8\v2.46\pic\sources\c99\common\printf.c estimated size: 40

../src/boards/emu88_common.c
		_emu88_common_init		CODE           	1D668	0000	28
		_write_sram    		CODE           	1ACF2	0000	314
		_read_sram     		CODE           	1AF64	0000	280
		_emu88_common_start_i88		CODE           	1D684	0000	24
		_emu88_common_wait_for_programmer		CODE           	1CF58	0000	82
		_emu88_common_sys_init		CODE           	1C86A	0000	138

../src/boards/emu88_common.c estimated size: 866

../drivers/diskio.c
		_get_fattime   		CODE           	1D706	0000	18
		_disk_initialize		CODE           	17910	0000	724
		_disk_write    		CODE           	19E7E	0000	396
		_disk_status   		CODE           	1C978	0000	132
		_disk_ioctl    		CODE           	1C552	0000	166
		_disk_read     		CODE           	19CF0	0000	398

../drivers/diskio.c estimated size: 1834

C:\Program Files\Microchip\xc8\v2.46\pic\sources\c99\common\floorf.c
		_floorf        		CODE           	188FA	0000	530

C:\Program Files\Microchip\xc8\v2.46\pic\sources\c99\common\floorf.c estimated size: 530

C:\Program Files\Microchip\xc8\v2.46\pic\sources\c99\common\nf_fputc.c
		_fputc         		CODE           	1C106	0000	202

C:\Program Files\Microchip\xc8\v2.46\pic\sources\c99\common\nf_fputc.c estimated size: 202

../src/boards/../../drivers/SDCard.c
		_SDCard_crc    		CODE           	1C9FC	0000	132
		___SDCard_crc16		CODE           	1C1D0	0000	196
		_SDCard_init   		CODE           	14AE2	0000	1210
		_SDCard_read512		CODE           	16F76	0000	902
		_SDCard_command		CODE           	1CB00	0000	124
		_SDCard_write512		CODE           	1544A	0000	1074
		_SDCard_end_transaction		CODE           	1D4E4	0000	42
		___SDCard_wait_response		CODE           	1D1BC	0000	70
		___SDCard_command_r1		CODE           	1C34C	0000	182

../src/boards/../../drivers/SDCard.c estimated size: 3932

../src/io.c
		_seek_disk     		CODE           	1B5AA	0000	256
		_get_physical_addr		CODE           	1D374	0000	56
		_unimon_console		CODE           	1B07C	0000	278
		_putch         		CODE           	1D6CC	0000	22
		_setup_drive   		CODE           	1CBF4	0000	120
		_dsk_err       		CODE           	1D72C	0000	8
		_URT3Rx_ISR    		CODE           	1CDA0	0000	94
		_write_sector  		CODE           	194A4	0000	438
		_io_init       		CODE           	1D41C	0000	52
		_read_sector   		CODE           	1A318	0000	386
		_getch         		CODE           	1D0E8	0000	72
		_Default_ISR   		CODE           	1D73C	0000	2
		_bus_master_operation		CODE           	18B0C	0000	514

../src/io.c estimated size: 2298

../src/boards/../../drivers/pic18f57q43_spi.c
		_SPI_SD_send   		CODE           	1C7D6	0000	148
		_SPI_SD_begin  		CODE           	1D484	0000	50
		_SPI_SD_select 		CODE           	1D6B4	0000	24
		_SPI_SD_configure		CODE           	1AE2C	0000	312
		_SPI_SD_receive_byte		CODE           	1D5A6	0000	34
		_SPI_SD_receive		CODE           	172FC	0000	808
		_SPI_SD_end_transaction		CODE           	1D5EA	0000	34
		_SPI_SD_dummy_clocks		CODE           	1CD42	0000	94
		_release_bus   		CODE           	1D246	0000	66
		_SPI_SD_begin_transaction		CODE           	1D5C8	0000	34
		_acquire_bus   		CODE           	1CF04	0000	84

../src/boards/../../drivers/pic18f57q43_spi.c estimated size: 1688

C:\Program Files\Microchip\xc8\v2.46\pic\sources\c99\common\xxtofl.c
		___xxtofl      		CODE           	1965A	0000	436

C:\Program Files\Microchip\xc8\v2.46\pic\sources\c99\common\xxtofl.c estimated size: 436

../src/memory.c
		_mem_init      		CODE           	17BE4	0000	626

../src/memory.c estimated size: 626

C:\Program Files\Microchip\xc8\v2.46\pic\sources\c99\common\aldiv.c
		___aldiv       		CODE           	1B192	0000	268

C:\Program Files\Microchip\xc8\v2.46\pic\sources\c99\common\aldiv.c estimated size: 268

C:\Program Files\Microchip\xc8\v2.46\pic\sources\c99\common\flneg.c
		___flneg       		CODE           	1D3AC	0000	56

C:\Program Files\Microchip\xc8\v2.46\pic\sources\c99\common\flneg.c estimated size: 56

C:\Program Files\Microchip\xc8\v2.46\pic\sources\c99\common\strncmp.c
		_strncmp       		CODE           	1BC36	0000	210

C:\Program Files\Microchip\xc8\v2.46\pic\sources\c99\common\strncmp.c estimated size: 210

C:\Program Files\Microchip\xc8\v2.46\pic\sources\c99\common\strcmp.c
		_strcmp        		CODE           	1CB7C	0000	120

C:\Program Files\Microchip\xc8\v2.46\pic\sources\c99\common\strcmp.c estimated size: 120

C:\Program Files\Microchip\xc8\v2.46\pic\sources\c99\common\__fpclassifyf.c
		___fpclassifyf 		CODE           	1B6AA	0000	254

C:\Program Files\Microchip\xc8\v2.46\pic\sources\c99\common\__fpclassifyf.c estimated size: 254

C:\Program Files\Microchip\xc8\v2.46\pic\sources\c99\common\strchr.c
		_strchr        		CODE           	1CDFE	0000	90

C:\Program Files\Microchip\xc8\v2.46\pic\sources\c99\common\strchr.c estimated size: 90

C:\Program Files\Microchip\xc8\v2.46\pic\sources\c99\common\sprcmul.c
		___flmul       		CODE           	15CA6	0000	1066

C:\Program Files\Microchip\xc8\v2.46\pic\sources\c99\common\sprcmul.c estimated size: 1066

C:\Program Files\Microchip\xc8\v2.46\pic\sources\c99\common\strcpy.c
		_strcpy        		CODE           	1D2C8	0000	60

C:\Program Files\Microchip\xc8\v2.46\pic\sources\c99\common\strcpy.c estimated size: 60

C:\Program Files\Microchip\xc8\v2.46\pic\sources\c99\common\memset.c
		_memset        		CODE           	1D33C	0000	56

C:\Program Files\Microchip\xc8\v2.46\pic\sources\c99\common\memset.c estimated size: 56

C:\Program Files\Microchip\xc8\v2.46\pic\sources\c99\common\sprcdiv.c
		___fldiv       		CODE           	164BC	0000	922

C:\Program Files\Microchip\xc8\v2.46\pic\sources\c99\common\sprcdiv.c estimated size: 922

../fatfs/ff.c
		_clst2sect     		CODE           	1BF70	0000	204
		_find_volume   		CODE           	18F06	0000	500
		_dir_clear     		CODE           	1A8F0	0000	352
		_ld_dword      		CODE           	1C294	0000	184
		_remove_chain  		CODE           	17E56	0000	562
		_f_mount       		CODE           	1B7A8	0000	250
		_get_fat       		CODE           	160D0	0000	1004
		_st_word       		CODE           	1D50E	0000	40
		_get_ldnumber  		CODE           	19B52	0000	414
		_st_clust      		CODE           	1D09C	0000	76
		_create_name   		CODE           	16856	0000	918
		_create_chain  		CODE           	13B86	0000	1456
		_dbc_1st       		CODE           	1C73A	0000	156
		_f_lseek       		CODE           	11DB2	0000	2062
		_validate      		CODE           	1B4A8	0000	258
		_check_fs      		CODE           	17624	0000	748
		_f_sync        		CODE           	18088	0000	546
		_get_fileinfo  		CODE           	18D0E	0000	504
		_dir_read      		CODE           	1980E	0000	420
		_st_dword      		CODE           	1CC6C	0000	108
		_f_write       		CODE           	1152A	0000	2184
		_dir_alloc     		CODE           	1ABA4	0000	334
		_f_opendir     		CODE           	1A49A	0000	382
		_put_fat       		CODE           	14136	0000	1260
		_f_readdir     		CODE           	1B98E	0000	230
		_sync_fs       		CODE           	182AA	0000	542
		_dir_next      		CODE           	1587C	0000	1066
		_sync_window   		CODE           	192DC	0000	456
		_dir_register  		CODE           	1BA74	0000	226
		_ld_word       		CODE           	1D3E4	0000	56
		_dir_find      		CODE           	1A194	0000	388
		_f_open        		CODE           	125C0	0000	1920
		_f_read        		CODE           	13466	0000	1824
		_dir_sdi       		CODE           	16BEC	0000	906
		_follow_path   		CODE           	184C8	0000	540
		_f_closedir    		CODE           	1D304	0000	56
		_dbc_2nd       		CODE           	1BB56	0000	224
		_ld_clust      		CODE           	1CA80	0000	128
		_move_window   		CODE           	1BEA4	0000	204
		_mount_volume  		CODE           	10000	0000	2756

../fatfs/ff.c estimated size: 26444

../drivers/utils.c
		_util_addrdump 		CODE           	1A618	0000	372
		_util_hexdump  		CODE           	1A78C	0000	356
		_util_hexdump_sum		CODE           	1C8F4	0000	132

../drivers/utils.c estimated size: 860

C:\Program Files\Microchip\xc8\v2.46\pic\sources\c99\common\fleq.c
		___fleq        		CODE           	1C402	0000	170

C:\Program Files\Microchip\xc8\v2.46\pic\sources\c99\common\fleq.c estimated size: 170

C:\Program Files\Microchip\xc8\v2.46\pic\sources\c99\common\doprnt.c
		_read_prec_or_width		CODE           	1BDD6	0000	206
		_vfpfcnvrt     		CODE           	12D40	0000	1830
		_efgtoa        		CODE           	10AC4	0000	2662
		_pad           		CODE           	1C69C	0000	158
		_ctoa          		CODE           	1C03C	0000	202
		_dtoa          		CODE           	190FA	0000	482
		_vfprintf      		CODE           	1CE58	0000	86
		_stoa          		CODE           	199B2	0000	416
		_xtoa          		CODE           	1A00A	0000	394

C:\Program Files\Microchip\xc8\v2.46\pic\sources\c99\common\doprnt.c estimated size: 6436

C:\Program Files\Microchip\xc8\v2.46\pic\sources\c99\common\nf_sprintf.c
		_sprintf       		CODE           	1CFFC	0000	80

C:\Program Files\Microchip\xc8\v2.46\pic\sources\c99\common\nf_sprintf.c estimated size: 80

../src/emu88_main.c
		_sys_init      		CODE           	1D584	0000	34
		_main          		CODE           	186E4	0000	534
		_menu_select   		CODE           	14F9C	0000	1198
		_start_i88     		CODE           	1D62C	0000	30
		_disk_init     		CODE           	1CFAA	0000	82

../src/emu88_main.c estimated size: 1878

shared
		_num_drives    		MEDIUMCONST    	0000	0000	0
		_DbcTbl        		MEDIUMCONST    	C10F	0000	10
		_rom0          		MEDIUMCONST    	C11B	0000	9461
		__initialization		CODE           	1C4AC	0000	160
		_rom1          		MEDIUMCONST    	F110	0000	1677
		_rom2          		MEDIUMCONST    	E610	0000	2816

shared estimated size: 14124

C:\Program Files\Microchip\xc8\v2.46\pic\sources\c99\common\__lldiv.c
		___lldiv       		CODE           	1C5F8	0000	164

C:\Program Files\Microchip\xc8\v2.46\pic\sources\c99\common\__lldiv.c estimated size: 164

../src/boards/EMU88RAM.c
		_board_event_loop		CODE           	1D130	0000	70
		_nmi_sig_on    		CODE           	1D734	0000	4
		_nmi_sig_off   		CODE           	1D738	0000	4
		_set_hold_pin  		CODE           	1D6E2	0000	18
		_bus_hold_req  		CODE           	1D64A	0000	30
		_reset_hold_pin		CODE           	1D6F4	0000	18
		_board_init    		CODE           	1D60C	0000	32
		_emu88_57q_sys_init		CODE           	1AA50	0000	340
		_emu88_57q_start_i88		CODE           	1D4B6	0000	46
		_bus_release_req		CODE           	1D69C	0000	24
		_reset_ioreq   		CODE           	1D718	0000	12

../src/boards/EMU88RAM.c estimated size: 598

C:\Program Files\Microchip\xc8\v2.46\pic\sources\c99\common\Umul16.c
		___wmul        		CODE           	1D55E	0000	38

C:\Program Files\Microchip\xc8\v2.46\pic\sources\c99\common\Umul16.c estimated size: 38

C:\Program Files\Microchip\xc8\v2.46\pic\sources\c99\common\nf_fputs.c
		_fputs         		CODE           	1D202	0000	68

C:\Program Files\Microchip\xc8\v2.46\pic\sources\c99\common\nf_fputs.c estimated size: 68

C:\Program Files\Microchip\xc8\v2.46\pic\sources\c99\common\sprcadd.c
		___flsub       		CODE           	1D176	0000	70
		___fladd       		CODE           	14622	0000	1216

C:\Program Files\Microchip\xc8\v2.46\pic\sources\c99\common\sprcadd.c estimated size: 1286

C:\Program Files\Microchip\xc8\v2.46\pic\sources\c99\common\memcmp.c
		_memcmp        		CODE           	1BD08	0000	206

C:\Program Files\Microchip\xc8\v2.46\pic\sources\c99\common\memcmp.c estimated size: 206

C:\Program Files\Microchip\xc8\v2.46\pic\sources\c99\common\memcpy.c
		_memcpy        		CODE           	1D04C	0000	80

C:\Program Files\Microchip\xc8\v2.46\pic\sources\c99\common\memcpy.c estimated size: 80

C:\Program Files\Microchip\xc8\v2.46\pic\sources\c99\common\labs.c
		_labs          		CODE           	1CEAE	0000	86

C:\Program Files\Microchip\xc8\v2.46\pic\sources\c99\common\labs.c estimated size: 86

C:\Program Files\Microchip\xc8\v2.46\pic\sources\c99\common\abs.c
		_abs           		CODE           	1D450	0000	52

C:\Program Files\Microchip\xc8\v2.46\pic\sources\c99\common\abs.c estimated size: 52

C:\Program Files\Microchip\xc8\v2.46\pic\sources\c99\common\almod.c
		___almod       		CODE           	1B8A2	0000	236

C:\Program Files\Microchip\xc8\v2.46\pic\sources\c99\common\almod.c estimated size: 236

C:\Program Files\Microchip\xc8\v2.46\pic\sources\c99\common\Umul32.c
		___lmul        		CODE           	1CCD8	0000	106

C:\Program Files\Microchip\xc8\v2.46\pic\sources\c99\common\Umul32.c estimated size: 106

C:\Program Files\Microchip\xc8\v2.46\pic\sources\c99\common\flge.c
		___flge        		CODE           	1B3A4	0000	260

C:\Program Files\Microchip\xc8\v2.46\pic\sources\c99\common\flge.c estimated size: 260

